// Jest Snapshot v1, https://goo.gl/fbAQLP

exports[`HeaderSystemMenu Rendering Render HeaderSystemMenu component with default props 1`] = `<React.Fragment />`;

exports[`HeaderSystemMenu Rendering Render HeaderSystemMenu component with props 1`] = `
<React.Fragment>
  <div
    className="HeaderSystemMenu customSystemMenu"
  >
    <button
      aria-controls={null}
      aria-expanded={false}
      aria-haspopup="true"
      className="HeaderSystemMenu__button"
      id="systemMenuButton"
      onClick={[Function]}
      onKeyDown={[Function]}
      type="button"
    >
      <AppShellIcon
        icon={[Function]}
      />
    </button>
  </div>
</React.Fragment>
`;

exports[`HeaderSystemMenu Rendering Render HeaderSystemMenu component with pseudo translated text 1`] = `
<React.Fragment>
  <div
    className="HeaderSystemMenu customSystemMenu"
  >
    <button
      aria-controls={null}
      aria-expanded={false}
      aria-haspopup="true"
      className="HeaderSystemMenu__button"
      id="systemMenuButton"
      onClick={[Function]}
      onKeyDown={[Function]}
      type="button"
    >
      <AppShellIcon
        icon={[Function]}
      />
    </button>
  </div>
</React.Fragment>
`;
